// Jest Snapshot v1, https://goo.gl/fbAQLP

exports[`Search Form renders the component 1`] = `
<DocumentFragment>
  <div
    class="search-form"
  >
    <input
      placeholder="Enter city..."
      type="text"
      value="Manchester"
    />
    <button
      type="submit"
    >
      Search
    </button>
  </div>
</DocumentFragment>
`;
